com/acme/crud/Fruig.class
com/acme/crud/Fruis.class
com/acme/crud/FruitResource$ErrorMapper.class
com/acme/crud/FruihResource$ErrorMapper.class
com/acme/crud/FruidResource$ErrorMapper.class
com/acme/crud/FruibResource.class
com/acme/crud/Fruib.class
com/acme/crud/FruisResource.class
com/acme/crud/FruiiResource.class
com/acme/crud/Fruid.class
com/acme/crud/FruifResource.class
com/acme/crud/FruicResource$ErrorMapper.class
com/acme/crud/Fruii.class
com/acme/crud/FruigResource$ErrorMapper.class
com/acme/crud/FruidResource.class
com/acme/crud/Fruia.class
com/acme/crud/FruitResource.class
com/acme/crud/Fruih.class
com/acme/crud/FruicResource.class
com/acme/crud/Fruif.class
com/acme/crud/FruibResource$ErrorMapper.class
com/acme/crud/FruijResource$ErrorMapper.class
com/acme/crud/FruihResource.class
com/acme/crud/FruijResource.class
com/acme/crud/Fruit.class
com/acme/crud/Fruic.class
com/acme/crud/FruifResource$ErrorMapper.class
com/acme/crud/Fruij.class
com/acme/crud/FruisResource$ErrorMapper.class
com/acme/crud/FruiaResource.class
com/acme/crud/FruigResource.class
com/acme/crud/FruiaResource$ErrorMapper.class
com/acme/crud/FruiiResource$ErrorMapper.class
com/acme/crud/FruieResource.class
com/acme/crud/FruieResource$ErrorMapper.class
com/acme/crud/Fruie.class
