/home/ashu/quarkusRestCrudDemo/quarkus/src/main/java/com/acme/crud/Fruii.java
/home/ashu/quarkusRestCrudDemo/quarkus/src/main/java/com/acme/crud/FruitResource.java
/home/ashu/quarkusRestCrudDemo/quarkus/src/main/java/com/acme/crud/FruisResource.java
/home/ashu/quarkusRestCrudDemo/quarkus/src/main/java/com/acme/crud/Fruib.java
/home/ashu/quarkusRestCrudDemo/quarkus/src/main/java/com/acme/crud/Fruif.java
/home/ashu/quarkusRestCrudDemo/quarkus/src/main/java/com/acme/crud/Fruis.java
/home/ashu/quarkusRestCrudDemo/quarkus/src/main/java/com/acme/crud/FruicResource.java
/home/ashu/quarkusRestCrudDemo/quarkus/src/main/java/com/acme/crud/FruiaResource.java
/home/ashu/quarkusRestCrudDemo/quarkus/src/main/java/com/acme/crud/Fruie.java
/home/ashu/quarkusRestCrudDemo/quarkus/src/main/java/com/acme/crud/Fruih.java
/home/ashu/quarkusRestCrudDemo/quarkus/src/main/java/com/acme/crud/FruibResource.java
/home/ashu/quarkusRestCrudDemo/quarkus/src/main/java/com/acme/crud/Fruic.java
/home/ashu/quarkusRestCrudDemo/quarkus/src/main/java/com/acme/crud/FruihResource.java
/home/ashu/quarkusRestCrudDemo/quarkus/src/main/java/com/acme/crud/FruieResource.java
/home/ashu/quarkusRestCrudDemo/quarkus/src/main/java/com/acme/crud/Fruig.java
/home/ashu/quarkusRestCrudDemo/quarkus/src/main/java/com/acme/crud/FruifResource.java
/home/ashu/quarkusRestCrudDemo/quarkus/src/main/java/com/acme/crud/Fruia.java
/home/ashu/quarkusRestCrudDemo/quarkus/src/main/java/com/acme/crud/Fruid.java
/home/ashu/quarkusRestCrudDemo/quarkus/src/main/java/com/acme/crud/FruigResource.java
/home/ashu/quarkusRestCrudDemo/quarkus/src/main/java/com/acme/crud/FruidResource.java
/home/ashu/quarkusRestCrudDemo/quarkus/src/main/java/com/acme/crud/FruiiResource.java
/home/ashu/quarkusRestCrudDemo/quarkus/src/main/java/com/acme/crud/FruijResource.java
/home/ashu/quarkusRestCrudDemo/quarkus/src/main/java/com/acme/crud/Fruij.java
/home/ashu/quarkusRestCrudDemo/quarkus/src/main/java/com/acme/crud/Fruit.java
